[Bootstrap]
SetupTitle=Instalar
SetupText=Copiando archivos, espere.
CabFile=PedidosNew.CAB
Spawn=Setup1.exe
Uninstal=st6unst.exe
TmpDir=msftqws.pdw
Cabs=1

[Bootstrap Files]
File1=@VB6STKIT.DLL,$(WinSysPathSysFile),,,7/15/00 12:00:00 AM,101888,6.0.84.50
File2=@MSVCRT40.DLL,$(WinSysPathSysFile),,,6/1/99 12:00:00 AM,326656,4.22.0.0
File3=@OLEPRO32.DLL,$(WinSysPathSysFile),$(DLLSelfRegister),,3/8/99 12:00:00 AM,164112,5.0.4275.1
File4=@COMCAT.DLL,$(WinSysPathSysFile),$(DLLSelfRegister),,6/1/98 12:00:00 AM,22288,4.71.1460.1
File5=@VB6ES.DLL,$(WinSysPath),,$(Shared),10/2/00 12:00:00 AM,119568,6.0.89.88
File6=@STDOLE2.TLB,$(WinSysPathSysFile),$(TLBRegister),,6/3/99 12:00:00 AM,17920,2.40.4275.1
File7=@ASYCFILT.DLL,$(WinSysPathSysFile),,,3/8/99 12:00:00 AM,147728,2.40.4275.1
File8=@OLEAUT32.DLL,$(WinSysPathSysFile),$(DLLSelfRegister),,4/12/00 12:00:00 AM,598288,2.40.4275.1
File9=@msvbvm60.dll,$(WinSysPathSysFile),$(DLLSelfRegister),,4/14/08 7:48:30 AM,1384479,6.0.98.2

[IconGroups]
Group0=Gestion de Telas
PrivateGroup0=-1
Parent0=$(Programs)

[Gestion de Telas]
Icon1="PedidosNew.exe"
Title1=Gestion de Telas
StartIn1=$(AppPath)

[Setup]
Title=Gestion de Telas
DefaultDir=$(ProgramFiles)\Gestion de Pedidos
AppExe=PedidosNew.exe
AppToUninstall=PedidosNew.exe

[Setup1 Files]
File1=@ECNVB6WINCTRL.ocx,$(WinSysPath),$(DLLSelfRegister),$(Shared),10/22/16 1:02:54 PM,712704,1.0.0.0
File2=@ECNVB6LIB.dll,$(WinSysPath),$(DLLSelfRegister),$(Shared),10/22/16 1:03:06 PM,299008,1.0.0.0
File3=@COMCTL32.OCX,$(WinSysPath),$(DLLSelfRegister),$(Shared),3/9/04 12:00:00 AM,609824,6.0.81.5
File4=@ChamaleonButton.ocx,$(WinSysPath),$(DLLSelfRegister),$(Shared),6/1/07 2:37:42 PM,102400,1.0.0.0
File5=@prjKEXPCheck.ocx,$(WinSysPath),$(DLLSelfRegister),$(Shared),3/27/04 3:44:00 PM,61440,1.0.0.0
File6=@floatbutton.ocx,$(WinSysPath),$(DLLSelfRegister),$(Shared),11/24/98 8:30:26 PM,40960,1.0.0.13
File7=@IGToolBars50.ocx,$(WinSysPath),$(DLLSelfRegister),$(Shared),1/23/03 9:30:20 AM,492592,5.0.1.19
File8=@GridEX20.ocx,$(WinSysPath),$(DLLSelfRegister),$(Shared),4/24/01 2:24:56 PM,457257,2.0.0.2215
File9=@MSHFLXGD.OCX,$(WinSysPath),$(DLLSelfRegister),$(Shared),5/22/00 12:00:00 AM,438976,6.0.88.4
File10=@TABCTL32.OCX,$(WinSysPath),$(DLLSelfRegister),$(Shared),12/6/00 12:00:00 AM,209608,6.0.90.43
File11=@labels.ocx,$(WinSysPath),$(DLLSelfRegister),$(Shared),3/15/03 3:46:26 PM,36867,1.0.0.0
File12=@MSMASK32.OCX,$(WinSysPath),$(DLLSelfRegister),$(Shared),5/22/00 12:00:00 AM,166600,6.0.84.18
File13=@mfc40loc.dll,$(WinSysPathSysFile),,,3/2/06 7:00:00 AM,44032,4.1.0.6140
File14=@MFC40.DLL,$(WinSysPath),$(DLLSelfRegister),$(Shared),6/1/99 12:00:00 AM,924432,4.1.0.6140
File15=@THREED32.OCX,$(WinSysPath),$(DLLSelfRegister),$(Shared),11/30/98 10:50:04 AM,200704,1.0.41.0
File16=@MSFLXGRD.OCX,$(WinSysPath),$(DLLSelfRegister),$(Shared),5/22/00 12:00:00 AM,244416,6.0.84.18
File17=@MSCOMCT2.OCX,$(WinSysPath),$(DLLSelfRegister),$(Shared),5/22/00 12:00:00 AM,647872,6.0.88.4
File18=@Mantenimientos.ocx,$(WinSysPath),$(DLLSelfRegister),$(Shared),3/15/03 3:46:26 PM,114691,1.0.0.0
File19=@FuncButt.ocx,$(WinSysPath),$(DLLSelfRegister),$(Shared),3/15/03 3:46:24 PM,122880,1.0.0.0
File20=@ssdw3b32.ocx,$(WinSysPath),$(DLLSelfRegister),$(Shared),11/18/99 8:42:20 AM,874224,3.1.2.15
File21=@COMDLG32.OCX,$(WinSysPath),$(DLLSelfRegister),$(Shared),5/22/00 12:00:00 AM,140488,6.0.84.18
File22=@MSDATLST.OCX,$(WinSysPath),$(DLLSelfRegister),$(Shared),5/22/00 12:00:00 AM,232640,6.0.84.18
File23=@MSDATGRD.OCX,$(WinSysPath),$(DLLSelfRegister),$(Shared),1/9/03 2:28:50 PM,262152,6.0.84.18
File24=@MSCMCES.DLL,$(WinSysPath),,$(Shared),7/28/98 12:00:00 AM,140800,6.0.81.63
File25=@MSCOMCTL.OCX,$(WinSysPath),$(DLLSelfRegister),$(Shared),5/23/14 10:54:28 AM,1070232,6.1.98.39
File26=@MSADODC.OCX,$(WinSysPath),$(DLLSelfRegister),$(Shared),5/22/00 12:00:00 AM,118976,6.0.88.4
File27=@wshom.ocx,$(WinSysPath),$(DLLSelfRegister),$(Shared),4/14/08 7:48:06 AM,135168,5.7.0.16599
File28=@MSWORD.OLB,$(WinSysPath),,$(Shared),3/22/07 7:05:50 PM,668000,11.0.8161.0
File29=@LibraryVB.dll,$(WinSysPath),$(DLLSelfRegister),$(Shared),2/12/03 10:15:50 AM,73728,1.0.0.0
File30=@MDIExtender.ocx,$(WinSysPath),$(DLLSelfRegister),$(Shared),11/13/01 4:53:32 PM,114688,1.0.0.29
File31=@scrrun.dll,$(WinSysPath),$(DLLSelfRegister),$(Shared),12/12/00 1:15:20 PM,147512,5.6.0.6012
File32=@msado26.tlb,$(WinSysPath),,$(Shared),4/13/08 10:56:10 PM,81920,2.81.1132.0
File33=@MSDBRPTR.DLL,$(WinSysPath),$(DLLSelfRegister),$(Shared),7/15/00 12:00:00 AM,299008,6.0.88.4
File34=@STDFTES.DLL,$(WinSysPath),,$(Shared),7/31/98 12:00:00 AM,6656,6.0.81.63
File35=@msstdfmt.dll,$(WinSysPath),$(DLLSelfRegister),$(Shared),12/31/07 4:56:58 AM,129024,6.1.98.4
File36=@MSBIND.DLL,$(WinSysPath),$(DLLSelfRegister),$(Shared),7/15/00 12:00:00 AM,77824,6.0.88.62
File37=@APIGUIDE.DLL,$(WinSysPath),,$(Shared),7/9/93 12:33:02 AM,7776,1.1.0.0
File38=@apigid32.dll,$(WinSysPath),,$(Shared),6/28/10 3:49:36 AM,64000,5.1.0.0
File39=@PedidosNew.exe,$(AppPath),,$(Shared),11/10/16 3:31:06 AM,9531392,1.2.0.25

; Puede eliminar las siguientes líneas para obtener espacio adicional 
; con el fin de personalizar este archivo en un disco de instalación completa.
; 
; XXXXXXXXXXXXXXXXXXXXXXXXXXXXXXXXXXXXXXXXXXXXXXXXXXXXXXXXXXXX
; XXXXXXXXXXXXXXXXXXXXXXXXXXXXXXXXXXXXXXXXXXXXXXXXXXXXXXXXXXXX
; XXXXXXXXXXXXXXXXXXXXXXXXXXXXXXXXXXXXXXXXXXXXXXXXXXXXXXXXXXXX
; XXXXXXXXXXXXXXXXXXXXXXXXXXXXXXXXXXXXXXXXXXXXXXXXXXXXXXXXXXXX
; XXXXXXXXXXXXXXXXXXXXXXXXXXXXXXXXXXXXXXXXXXXXXXXXXXXXXXXXXXXX
; XXXXXXXXXXXXXXXXXXXXXXXXXXXXXXXXXXXXXXXXXXXXXXXXXXXXXXXXXXXX
; XXXXXXXXXXXXXXXXXXXXXXXXXXXXXXXXXXXXXXXXXXXXXXXXXXXXXXXXXXXX
; XXXXXXXXXXXXXXXXXXXXXXXXXXXXXXXXXXXXXXXXXXXXXXXXXXXXXXXXXXXX
; XXXXXXXXXXXXXXXXXXXXXXXXXXXXXXXXXXXXXXXXXXXXXXXXXXXXXXXXXXXX
; XXXXXXXXXXXXXXXXXXXXXXXXXXXXXXXXXXXXXXXXXXXXXXXXXXXXXXXXXXXX
; XXXXXXXXXXXXXXXXXXXXXXXXXXXXXXXXXXXXXXXXXXXXXXXXXXXXXXXXXXXX
; XXXXXXXXXXXXXXXXXXXXXXXXXXXXXXXXXXXXXXXXXXXXXXXXXXXXXXXXXXXX
; XXXXXXXXXXXXXXXXXXXXXXXXXXXXXXXXXXXXXXXXXXXXXXXXXXXXXXXXXXXX
; XXXXXXXXXXXXXXXXXXXXXXXXXXXXXXXXXXXXXXXXXXXXXXXXXXXXXXXXXXXX
; XXXXXXXXXXXXXXXXXXXXXXXXXXXXXXXXXXXXXXXXXXXXXXXXXXXXXXXXXXXX
; XXXXXXXXXXXXXXXXXXXXXXXXXXXXXXXXXXXXXXXXXXXXXXXXXXXXXXXXXXXX
; XXXXXXXXXXXXXXXXXXXXXXXXXXXXXXXXXXXXXXXXXXXXXXXXXXXXXXXXXXXX
; XXXXXXXXXXXXXXXXXXXXXXXXXXXXXXXXXXXXXXXXXXXXXXXXXXXXXXXXXXXX
; XXXXXXXXXXXXXXXXXXXXXXXXXXXXXXXXXXXXXXXXXXXXXXXXXXXXXXXXXXXX
; XXXXXXXXXXXXXXXXXXXXXXXXXXXXXXXXXXXXXXXXXXXXXXXXXXXXXXXXXXXX
; XXXXXXXXXXXXXXXXXXXXXXXXXXXXXXXXXXXXXXXXXXXXXXXXXXXXXXXXXXXX
; XXXXXXXXXXXXXXXXXXXXXXXXXXXXXXXXXXXXXXXXXXXXXXXXXXXXXXXXXXXX
; XXXXXXXXXXXXXXXXXXXXXXXXXXXXXXXXXXXXXXXXXXXXXXXXXXXXXXXXXXXX
; XXXXXXXXXXXXXXXXXXXXXXXXXXXXXXXXXXXXXXXXXXXXXXXXXXXXXXXXXXXX
; XXXXXXXXXXXXXXXXXXXXXXXXXXXXXXXXXXXXXXXXXXXXXXXXXXXXXXXXXXXX
; XXXXXXXXXXXXXXXXXXXXXXXXXXXXXXXXXXXXXXXXXXXXXXXXXXXXXXXXXXXX
; XXXXXXXXXXXXXXXXXXXXXXXXXXXXXXXXXXXXXXXXXXXXXXXXXXXXXXXXXXXX
; XXXXXXXXXXXXXXXXXXXXXXXXXXXXXXXXXXXXXXXXXXXXXXXXXXXXXXXXXXXX
; XXXXXXXXXXXXXXXXXXXXXXXXXXXXXXXXXXXXXXXXXXXXXXXXXXXXXXXXXXXX
; XXXXXXXXXXXXXXXXXXXXXXXXXXXXXXXXXXXXXXXXXXXXXXXXXXXXXXXXXXXX
; XXXXXXXXXXXXXXXXXXXXXXXXXXXXXXXXXXXXXXXXXXXXXXXXXXXXXXXXXXXX
; XXXXXXXXXXXXXXXXXXXXXXXXXXXXXXXXXXXXXXXXXXXXXXXXXXXXXXXXXXXX
; XXXXXXXXXXXXXXXXXXXXXXXXXXXXXXXXXXXXXXXXXXXXXXXXXXXXXXXXXXXX
; XXXXXXXXXXXXXXXXXXXXXXXXXXXXXXXXXXXXXXXXXXXXXXXXXXXXXXXXXXXX
; XXXXXXXXXXXXXXXXXXXXXXXXXXXXXXXXXXXXXXXXXXXXXXXXXXXXXXXXXXXX
